This is pdfTeX, Version 3.141592653-2.6-1.40.25 (TeX Live 2023) (preloaded format=pdflatex 2024.2.28)  10 JUN 2026 18:44
entering extended mode
 restricted \write18 enabled.
 file:line:error style messages enabled.
 %&-line parsing enabled.
**"/Users/fernandoperezmillan/Desktop/tesis tex/thesis/main/main.tex"
(/Users/fernandoperezmillan/Desktop/tesis tex/thesis/main/main.tex
LaTeX2e <2022-11-01> patch level 1
L3 programming layer <2023-02-22> (/usr/local/texlive/2023/texmf-dist/tex/latex/base/book.cls
Document Class: book 2022/07/02 v1.4n Standard LaTeX document class
(/usr/local/texlive/2023/texmf-dist/tex/latex/base/bk11.clo
File: bk11.clo 2022/07/02 v1.4n Standard LaTeX file (size option)
)
\c@part=\count185
\c@chapter=\count186
\c@section=\count187
\c@subsection=\count188
\c@subsubsection=\count189
\c@paragraph=\count190
\c@subparagraph=\count191
\c@figure=\count192
\c@table=\count193
\abovecaptionskip=\skip48
\belowcaptionskip=\skip49
\bibindent=\dimen140
) (/usr/local/texlive/2023/texmf-dist/tex/latex/geometry/geometry.sty
Package: geometry 2020/01/02 v5.9 Page Geometry
 (/usr/local/texlive/2023/texmf-dist/tex/latex/graphics/keyval.sty
Package: keyval 2022/05/29 v1.15 key=value parser (DPC)
\KV@toks@=\toks16
) (/usr/local/texlive/2023/texmf-dist/tex/generic/iftex/ifvtex.sty
Package: ifvtex 2019/10/25 v1.7 ifvtex legacy package. Use iftex instead.
 (/usr/local/texlive/2023/texmf-dist/tex/generic/iftex/iftex.sty
Package: iftex 2022/02/03 v1.0f TeX engine tests
))
\Gm@cnth=\count194
\Gm@cntv=\count195
\c@Gm@tempcnt=\count196
\Gm@bindingoffset=\dimen141
\Gm@wd@mp=\dimen142
\Gm@odd@mp=\dimen143
\Gm@even@mp=\dimen144
\Gm@layoutwidth=\dimen145
\Gm@layoutheight=\dimen146
\Gm@layouthoffset=\dimen147
\Gm@layoutvoffset=\dimen148
\Gm@dimlist=\toks17
) (/usr/local/texlive/2023/texmf-dist/tex/latex/base/inputenc.sty
Package: inputenc 2021/02/14 v1.3d Input encoding file
\inpenc@prehook=\toks18
\inpenc@posthook=\toks19
) (/usr/local/texlive/2023/texmf-dist/tex/generic/babel/babel.sty
Package: babel 2023/02/13 3.86 The Babel package
\babel@savecnt=\count197
\U@D=\dimen149
\l@unhyphenated=\language87
 (/usr/local/texlive/2023/texmf-dist/tex/generic/babel/txtbabel.def)
\bbl@readstream=\read2
\bbl@dirlevel=\count198
 (/usr/local/texlive/2023/texmf-dist/tex/generic/babel-english/english.ldf
Language: english 2017/06/06 v3.3r English support from the babel system
Package babel Info: Hyphen rules for 'canadian' set to \l@english
(babel)             (\language0). Reported on input line 102.
Package babel Info: Hyphen rules for 'australian' set to \l@ukenglish
(babel)             (\language21). Reported on input line 105.
Package babel Info: Hyphen rules for 'newzealand' set to \l@ukenglish
(babel)             (\language21). Reported on input line 108.
)) (/usr/local/texlive/2023/texmf-dist/tex/generic/babel/locale/en/babel-english.tex
Package babel Info: Importing font and identification data for english
(babel)             from babel-en.ini. Reported on input line 11.
) (/usr/local/texlive/2023/texmf-dist/tex/latex/amsfonts/amssymb.sty
Package: amssymb 2013/01/14 v3.01 AMS font symbols
 (/usr/local/texlive/2023/texmf-dist/tex/latex/amsfonts/amsfonts.sty
Package: amsfonts 2013/01/14 v3.01 Basic AMSFonts support
\@emptytoks=\toks20
\symAMSa=\mathgroup4
\symAMSb=\mathgroup5
LaTeX Font Info:    Redeclaring math symbol \hbar on input line 98.
LaTeX Font Info:    Overwriting math alphabet `\mathfrak' in version `bold'
(Font)                  U/euf/m/n --> U/euf/b/n on input line 106.
)) (/usr/local/texlive/2023/texmf-dist/tex/latex/amsmath/amsmath.sty
Package: amsmath 2022/04/08 v2.17n AMS math features
\@mathmargin=\skip50

For additional information on amsmath, use the `?' option.
(/usr/local/texlive/2023/texmf-dist/tex/latex/amsmath/amstext.sty
Package: amstext 2021/08/26 v2.01 AMS text
 (/usr/local/texlive/2023/texmf-dist/tex/latex/amsmath/amsgen.sty
File: amsgen.sty 1999/11/30 v2.0 generic functions
\@emptytoks=\toks21
\ex@=\dimen150
)) (/usr/local/texlive/2023/texmf-dist/tex/latex/amsmath/amsbsy.sty
Package: amsbsy 1999/11/29 v1.2d Bold Symbols
\pmbraise@=\dimen151
) (/usr/local/texlive/2023/texmf-dist/tex/latex/amsmath/amsopn.sty
Package: amsopn 2022/04/08 v2.04 operator names
)
\inf@bad=\count199
LaTeX Info: Redefining \frac on input line 234.
\uproot@=\count266
\leftroot@=\count267
LaTeX Info: Redefining \overline on input line 399.
LaTeX Info: Redefining \colon on input line 410.
\classnum@=\count268
\DOTSCASE@=\count269
LaTeX Info: Redefining \ldots on input line 496.
LaTeX Info: Redefining \dots on input line 499.
LaTeX Info: Redefining \cdots on input line 620.
\Mathstrutbox@=\box51
\strutbox@=\box52
LaTeX Info: Redefining \big on input line 722.
LaTeX Info: Redefining \Big on input line 723.
LaTeX Info: Redefining \bigg on input line 724.
LaTeX Info: Redefining \Bigg on input line 725.
\big@size=\dimen152
LaTeX Font Info:    Redeclaring font encoding OML on input line 743.
LaTeX Font Info:    Redeclaring font encoding OMS on input line 744.
\macc@depth=\count270
LaTeX Info: Redefining \bmod on input line 905.
LaTeX Info: Redefining \pmod on input line 910.
LaTeX Info: Redefining \smash on input line 940.
LaTeX Info: Redefining \relbar on input line 970.
LaTeX Info: Redefining \Relbar on input line 971.
\c@MaxMatrixCols=\count271
\dotsspace@=\muskip16
\c@parentequation=\count272
\dspbrk@lvl=\count273
\tag@help=\toks22
\row@=\count274
\column@=\count275
\maxfields@=\count276
\andhelp@=\toks23
\eqnshift@=\dimen153
\alignsep@=\dimen154
\tagshift@=\dimen155
\tagwidth@=\dimen156
\totwidth@=\dimen157
\lineht@=\dimen158
\@envbody=\toks24
\multlinegap=\skip51
\multlinetaggap=\skip52
\mathdisplay@stack=\toks25
LaTeX Info: Redefining \[ on input line 2953.
LaTeX Info: Redefining \] on input line 2954.
) (/usr/local/texlive/2023/texmf-dist/tex/latex/amscls/amsthm.sty
Package: amsthm 2020/05/29 v2.20.6
\thm@style=\toks26
\thm@bodyfont=\toks27
\thm@headfont=\toks28
\thm@notefont=\toks29
\thm@headpunct=\toks30
\thm@preskip=\skip53
\thm@postskip=\skip54
\thm@headsep=\skip55
\dth@everypar=\toks31
) (/usr/local/texlive/2023/texmf-dist/tex/latex/mathtools/mathtools.sty
Package: mathtools 2022/06/29 v1.29 mathematical typesetting tools
 (/usr/local/texlive/2023/texmf-dist/tex/latex/tools/calc.sty
Package: calc 2017/05/25 v4.3 Infix arithmetic (KKT,FJ)
\calc@Acount=\count277
\calc@Bcount=\count278
\calc@Adimen=\dimen159
\calc@Bdimen=\dimen160
\calc@Askip=\skip56
\calc@Bskip=\skip57
LaTeX Info: Redefining \setlength on input line 80.
LaTeX Info: Redefining \addtolength on input line 81.
\calc@Ccount=\count279
\calc@Cskip=\skip58
) (/usr/local/texlive/2023/texmf-dist/tex/latex/mathtools/mhsetup.sty
Package: mhsetup 2021/03/18 v1.4 programming setup (MH)
)
\g_MT_multlinerow_int=\count280
\l_MT_multwidth_dim=\dimen161
\origjot=\skip59
\l_MT_shortvdotswithinadjustabove_dim=\dimen162
\l_MT_shortvdotswithinadjustbelow_dim=\dimen163
\l_MT_above_intertext_sep=\dimen164
\l_MT_below_intertext_sep=\dimen165
\l_MT_above_shortintertext_sep=\dimen166
\l_MT_below_shortintertext_sep=\dimen167
\xmathstrut@box=\box53
\xmathstrut@dim=\dimen168
) (/usr/local/texlive/2023/texmf-dist/tex/latex/pgf/frontendlayer/tikz.sty (/usr/local/texlive/2023/texmf-dist/tex/latex/pgf/basiclayer/pgf.sty (/usr/local/texlive/2023/texmf-dist/tex/latex/pgf/utilities/pgfrcs.sty (/usr/local/texlive/2023/texmf-dist/tex/generic/pgf/utilities/pgfutil-common.tex
\pgfutil@everybye=\toks32
\pgfutil@tempdima=\dimen169
\pgfutil@tempdimb=\dimen170
) (/usr/local/texlive/2023/texmf-dist/tex/generic/pgf/utilities/pgfutil-latex.def
\pgfutil@abb=\box54
) (/usr/local/texlive/2023/texmf-dist/tex/generic/pgf/utilities/pgfrcs.code.tex (/usr/local/texlive/2023/texmf-dist/tex/generic/pgf/pgf.revision.tex)
Package: pgfrcs 2023-01-15 v3.1.10 (3.1.10)
))
Package: pgf 2023-01-15 v3.1.10 (3.1.10)
 (/usr/local/texlive/2023/texmf-dist/tex/latex/pgf/basiclayer/pgfcore.sty (/usr/local/texlive/2023/texmf-dist/tex/latex/graphics/graphicx.sty
Package: graphicx 2021/09/16 v1.2d Enhanced LaTeX Graphics (DPC,SPQR)
 (/usr/local/texlive/2023/texmf-dist/tex/latex/graphics/graphics.sty
Package: graphics 2022/03/10 v1.4e Standard LaTeX Graphics (DPC,SPQR)
 (/usr/local/texlive/2023/texmf-dist/tex/latex/graphics/trig.sty
Package: trig 2021/08/11 v1.11 sin cos tan (DPC)
) (/usr/local/texlive/2023/texmf-dist/tex/latex/graphics-cfg/graphics.cfg
File: graphics.cfg 2016/06/04 v1.11 sample graphics configuration
)
Package graphics Info: Driver file: pdftex.def on input line 107.
 (/usr/local/texlive/2023/texmf-dist/tex/latex/graphics-def/pdftex.def
File: pdftex.def 2022/09/22 v1.2b Graphics/color driver for pdftex
))
\Gin@req@height=\dimen171
\Gin@req@width=\dimen172
) (/usr/local/texlive/2023/texmf-dist/tex/latex/pgf/systemlayer/pgfsys.sty (/usr/local/texlive/2023/texmf-dist/tex/generic/pgf/systemlayer/pgfsys.code.tex
Package: pgfsys 2023-01-15 v3.1.10 (3.1.10)
 (/usr/local/texlive/2023/texmf-dist/tex/generic/pgf/utilities/pgfkeys.code.tex
\pgfkeys@pathtoks=\toks33
\pgfkeys@temptoks=\toks34
 (/usr/local/texlive/2023/texmf-dist/tex/generic/pgf/utilities/pgfkeyslibraryfiltered.code.tex
\pgfkeys@tmptoks=\toks35
))
\pgf@x=\dimen173
\pgf@y=\dimen174
\pgf@xa=\dimen175
\pgf@ya=\dimen176
\pgf@xb=\dimen177
\pgf@yb=\dimen178
\pgf@xc=\dimen179
\pgf@yc=\dimen180
\pgf@xd=\dimen181
\pgf@yd=\dimen182
\w@pgf@writea=\write3
\r@pgf@reada=\read3
\c@pgf@counta=\count281
\c@pgf@countb=\count282
\c@pgf@countc=\count283
\c@pgf@countd=\count284
\t@pgf@toka=\toks36
\t@pgf@tokb=\toks37
\t@pgf@tokc=\toks38
\pgf@sys@id@count=\count285
 (/usr/local/texlive/2023/texmf-dist/tex/generic/pgf/systemlayer/pgf.cfg
File: pgf.cfg 2023-01-15 v3.1.10 (3.1.10)
)
Driver file for pgf: pgfsys-pdftex.def
 (/usr/local/texlive/2023/texmf-dist/tex/generic/pgf/systemlayer/pgfsys-pdftex.def
File: pgfsys-pdftex.def 2023-01-15 v3.1.10 (3.1.10)
 (/usr/local/texlive/2023/texmf-dist/tex/generic/pgf/systemlayer/pgfsys-common-pdf.def
File: pgfsys-common-pdf.def 2023-01-15 v3.1.10 (3.1.10)
))) (/usr/local/texlive/2023/texmf-dist/tex/generic/pgf/systemlayer/pgfsyssoftpath.code.tex
File: pgfsyssoftpath.code.tex 2023-01-15 v3.1.10 (3.1.10)
\pgfsyssoftpath@smallbuffer@items=\count286
\pgfsyssoftpath@bigbuffer@items=\count287
) (/usr/local/texlive/2023/texmf-dist/tex/generic/pgf/systemlayer/pgfsysprotocol.code.tex
File: pgfsysprotocol.code.tex 2023-01-15 v3.1.10 (3.1.10)
)) (/usr/local/texlive/2023/texmf-dist/tex/latex/xcolor/xcolor.sty
Package: xcolor 2022/06/12 v2.14 LaTeX color extensions (UK)
 (/usr/local/texlive/2023/texmf-dist/tex/latex/graphics-cfg/color.cfg
File: color.cfg 2016/01/02 v1.6 sample color configuration
)
Package xcolor Info: Driver file: pdftex.def on input line 227.
 (/usr/local/texlive/2023/texmf-dist/tex/latex/graphics/mathcolor.ltx)
Package xcolor Info: Model `cmy' substituted by `cmy0' on input line 1353.
Package xcolor Info: Model `hsb' substituted by `rgb' on input line 1357.
Package xcolor Info: Model `RGB' extended on input line 1369.
Package xcolor Info: Model `HTML' substituted by `rgb' on input line 1371.
Package xcolor Info: Model `Hsb' substituted by `hsb' on input line 1372.
Package xcolor Info: Model `tHsb' substituted by `hsb' on input line 1373.
Package xcolor Info: Model `HSB' substituted by `hsb' on input line 1374.
Package xcolor Info: Model `Gray' substituted by `gray' on input line 1375.
Package xcolor Info: Model `wave' substituted by `hsb' on input line 1376.
) (/usr/local/texlive/2023/texmf-dist/tex/generic/pgf/basiclayer/pgfcore.code.tex
Package: pgfcore 2023-01-15 v3.1.10 (3.1.10)
 (/usr/local/texlive/2023/texmf-dist/tex/generic/pgf/math/pgfmath.code.tex (/usr/local/texlive/2023/texmf-dist/tex/generic/pgf/math/pgfmathutil.code.tex) (/usr/local/texlive/2023/texmf-dist/tex/generic/pgf/math/pgfmathparser.code.tex
\pgfmath@dimen=\dimen183
\pgfmath@count=\count288
\pgfmath@box=\box55
\pgfmath@toks=\toks39
\pgfmath@stack@operand=\toks40
\pgfmath@stack@operation=\toks41
) (/usr/local/texlive/2023/texmf-dist/tex/generic/pgf/math/pgfmathfunctions.code.tex) (/usr/local/texlive/2023/texmf-dist/tex/generic/pgf/math/pgfmathfunctions.basic.code.tex) (/usr/local/texlive/2023/texmf-dist/tex/generic/pgf/math/pgfmathfunctions.trigonometric.code.tex) (/usr/local/texlive/2023/texmf-dist/tex/generic/pgf/math/pgfmathfunctions.random.code.tex) (/usr/local/texlive/2023/texmf-dist/tex/generic/pgf/math/pgfmathfunctions.comparison.code.tex) (/usr/local/texlive/2023/texmf-dist/tex/generic/pgf/math/pgfmathfunctions.base.code.tex) (/usr/local/texlive/2023/texmf-dist/tex/generic/pgf/math/pgfmathfunctions.round.code.tex) (/usr/local/texlive/2023/texmf-dist/tex/generic/pgf/math/pgfmathfunctions.misc.code.tex) (/usr/local/texlive/2023/texmf-dist/tex/generic/pgf/math/pgfmathfunctions.integerarithmetics.code.tex) (/usr/local/texlive/2023/texmf-dist/tex/generic/pgf/math/pgfmathcalc.code.tex) (/usr/local/texlive/2023/texmf-dist/tex/generic/pgf/math/pgfmathfloat.code.tex
\c@pgfmathroundto@lastzeros=\count289
)) (/usr/local/texlive/2023/texmf-dist/tex/generic/pgf/math/pgfint.code.tex) (/usr/local/texlive/2023/texmf-dist/tex/generic/pgf/basiclayer/pgfcorepoints.code.tex
File: pgfcorepoints.code.tex 2023-01-15 v3.1.10 (3.1.10)
\pgf@picminx=\dimen184
\pgf@picmaxx=\dimen185
\pgf@picminy=\dimen186
\pgf@picmaxy=\dimen187
\pgf@pathminx=\dimen188
\pgf@pathmaxx=\dimen189
\pgf@pathminy=\dimen190
\pgf@pathmaxy=\dimen191
\pgf@xx=\dimen192
\pgf@xy=\dimen193
\pgf@yx=\dimen194
\pgf@yy=\dimen195
\pgf@zx=\dimen196
\pgf@zy=\dimen197
) (/usr/local/texlive/2023/texmf-dist/tex/generic/pgf/basiclayer/pgfcorepathconstruct.code.tex
File: pgfcorepathconstruct.code.tex 2023-01-15 v3.1.10 (3.1.10)
\pgf@path@lastx=\dimen198
\pgf@path@lasty=\dimen199
) (/usr/local/texlive/2023/texmf-dist/tex/generic/pgf/basiclayer/pgfcorepathusage.code.tex
File: pgfcorepathusage.code.tex 2023-01-15 v3.1.10 (3.1.10)
\pgf@shorten@end@additional=\dimen256
\pgf@shorten@start@additional=\dimen257
) (/usr/local/texlive/2023/texmf-dist/tex/generic/pgf/basiclayer/pgfcorescopes.code.tex
File: pgfcorescopes.code.tex 2023-01-15 v3.1.10 (3.1.10)
\pgfpic=\box56
\pgf@hbox=\box57
\pgf@layerbox@main=\box58
\pgf@picture@serial@count=\count290
) (/usr/local/texlive/2023/texmf-dist/tex/generic/pgf/basiclayer/pgfcoregraphicstate.code.tex
File: pgfcoregraphicstate.code.tex 2023-01-15 v3.1.10 (3.1.10)
\pgflinewidth=\dimen258
) (/usr/local/texlive/2023/texmf-dist/tex/generic/pgf/basiclayer/pgfcoretransformations.code.tex
File: pgfcoretransformations.code.tex 2023-01-15 v3.1.10 (3.1.10)
\pgf@pt@x=\dimen259
\pgf@pt@y=\dimen260
\pgf@pt@temp=\dimen261
) (/usr/local/texlive/2023/texmf-dist/tex/generic/pgf/basiclayer/pgfcorequick.code.tex
File: pgfcorequick.code.tex 2023-01-15 v3.1.10 (3.1.10)
) (/usr/local/texlive/2023/texmf-dist/tex/generic/pgf/basiclayer/pgfcoreobjects.code.tex
File: pgfcoreobjects.code.tex 2023-01-15 v3.1.10 (3.1.10)
) (/usr/local/texlive/2023/texmf-dist/tex/generic/pgf/basiclayer/pgfcorepathprocessing.code.tex
File: pgfcorepathprocessing.code.tex 2023-01-15 v3.1.10 (3.1.10)
) (/usr/local/texlive/2023/texmf-dist/tex/generic/pgf/basiclayer/pgfcorearrows.code.tex
File: pgfcorearrows.code.tex 2023-01-15 v3.1.10 (3.1.10)
\pgfarrowsep=\dimen262
) (/usr/local/texlive/2023/texmf-dist/tex/generic/pgf/basiclayer/pgfcoreshade.code.tex
File: pgfcoreshade.code.tex 2023-01-15 v3.1.10 (3.1.10)
\pgf@max=\dimen263
\pgf@sys@shading@range@num=\count291
\pgf@shadingcount=\count292
) (/usr/local/texlive/2023/texmf-dist/tex/generic/pgf/basiclayer/pgfcoreimage.code.tex
File: pgfcoreimage.code.tex 2023-01-15 v3.1.10 (3.1.10)
) (/usr/local/texlive/2023/texmf-dist/tex/generic/pgf/basiclayer/pgfcoreexternal.code.tex
File: pgfcoreexternal.code.tex 2023-01-15 v3.1.10 (3.1.10)
\pgfexternal@startupbox=\box59
) (/usr/local/texlive/2023/texmf-dist/tex/generic/pgf/basiclayer/pgfcorelayers.code.tex
File: pgfcorelayers.code.tex 2023-01-15 v3.1.10 (3.1.10)
) (/usr/local/texlive/2023/texmf-dist/tex/generic/pgf/basiclayer/pgfcoretransparency.code.tex
File: pgfcoretransparency.code.tex 2023-01-15 v3.1.10 (3.1.10)
) (/usr/local/texlive/2023/texmf-dist/tex/generic/pgf/basiclayer/pgfcorepatterns.code.tex
File: pgfcorepatterns.code.tex 2023-01-15 v3.1.10 (3.1.10)
) (/usr/local/texlive/2023/texmf-dist/tex/generic/pgf/basiclayer/pgfcorerdf.code.tex
File: pgfcorerdf.code.tex 2023-01-15 v3.1.10 (3.1.10)
))) (/usr/local/texlive/2023/texmf-dist/tex/generic/pgf/modules/pgfmoduleshapes.code.tex
File: pgfmoduleshapes.code.tex 2023-01-15 v3.1.10 (3.1.10)
\pgfnodeparttextbox=\box60
) (/usr/local/texlive/2023/texmf-dist/tex/generic/pgf/modules/pgfmoduleplot.code.tex
File: pgfmoduleplot.code.tex 2023-01-15 v3.1.10 (3.1.10)
) (/usr/local/texlive/2023/texmf-dist/tex/latex/pgf/compatibility/pgfcomp-version-0-65.sty
Package: pgfcomp-version-0-65 2023-01-15 v3.1.10 (3.1.10)
\pgf@nodesepstart=\dimen264
\pgf@nodesepend=\dimen265
) (/usr/local/texlive/2023/texmf-dist/tex/latex/pgf/compatibility/pgfcomp-version-1-18.sty
Package: pgfcomp-version-1-18 2023-01-15 v3.1.10 (3.1.10)
)) (/usr/local/texlive/2023/texmf-dist/tex/latex/pgf/utilities/pgffor.sty (/usr/local/texlive/2023/texmf-dist/tex/latex/pgf/utilities/pgfkeys.sty (/usr/local/texlive/2023/texmf-dist/tex/generic/pgf/utilities/pgfkeys.code.tex)) (/usr/local/texlive/2023/texmf-dist/tex/latex/pgf/math/pgfmath.sty (/usr/local/texlive/2023/texmf-dist/tex/generic/pgf/math/pgfmath.code.tex)) (/usr/local/texlive/2023/texmf-dist/tex/generic/pgf/utilities/pgffor.code.tex
Package: pgffor 2023-01-15 v3.1.10 (3.1.10)
\pgffor@iter=\dimen266
\pgffor@skip=\dimen267
\pgffor@stack=\toks42
\pgffor@toks=\toks43
)) (/usr/local/texlive/2023/texmf-dist/tex/generic/pgf/frontendlayer/tikz/tikz.code.tex
Package: tikz 2023-01-15 v3.1.10 (3.1.10)
 (/usr/local/texlive/2023/texmf-dist/tex/generic/pgf/libraries/pgflibraryplothandlers.code.tex
File: pgflibraryplothandlers.code.tex 2023-01-15 v3.1.10 (3.1.10)
\pgf@plot@mark@count=\count293
\pgfplotmarksize=\dimen268
)
\tikz@lastx=\dimen269
\tikz@lasty=\dimen270
\tikz@lastxsaved=\dimen271
\tikz@lastysaved=\dimen272
\tikz@lastmovetox=\dimen273
\tikz@lastmovetoy=\dimen274
\tikzleveldistance=\dimen275
\tikzsiblingdistance=\dimen276
\tikz@figbox=\box61
\tikz@figbox@bg=\box62
\tikz@tempbox=\box63
\tikz@tempbox@bg=\box64
\tikztreelevel=\count294
\tikznumberofchildren=\count295
\tikznumberofcurrentchild=\count296
\tikz@fig@count=\count297
 (/usr/local/texlive/2023/texmf-dist/tex/generic/pgf/modules/pgfmodulematrix.code.tex
File: pgfmodulematrix.code.tex 2023-01-15 v3.1.10 (3.1.10)
\pgfmatrixcurrentrow=\count298
\pgfmatrixcurrentcolumn=\count299
\pgf@matrix@numberofcolumns=\count300
)
\tikz@expandcount=\count301
 (/usr/local/texlive/2023/texmf-dist/tex/generic/pgf/frontendlayer/tikz/libraries/tikzlibrarytopaths.code.tex
File: tikzlibrarytopaths.code.tex 2023-01-15 v3.1.10 (3.1.10)
))) (/usr/local/texlive/2023/texmf-dist/tex/generic/pgf/libraries/pgflibraryarrows.meta.code.tex
File: pgflibraryarrows.meta.code.tex 2023-01-15 v3.1.10 (3.1.10)
\pgfarrowinset=\dimen277
\pgfarrowlength=\dimen278
\pgfarrowwidth=\dimen279
\pgfarrowlinewidth=\dimen280
) (/usr/local/texlive/2023/texmf-dist/tex/generic/pgf/frontendlayer/tikz/libraries/tikzlibrarypositioning.code.tex
File: tikzlibrarypositioning.code.tex 2023-01-15 v3.1.10 (3.1.10)
) (/usr/local/texlive/2023/texmf-dist/tex/latex/chngcntr/chngcntr.sty
Package: chngcntr 2018/04/09 v1.1a change counter resetting
Package chngcntr Info: \counterwithout already defined.
(chngcntr)             Quitting chngcntr on input line 21.
) (/usr/local/texlive/2023/texmf-dist/tex/latex/tcolorbox/tcolorbox.sty
Package: tcolorbox 2023/02/12 version 6.0.1 text color boxes
 (/usr/local/texlive/2023/texmf-dist/tex/latex/tools/verbatim.sty
Package: verbatim 2022-07-02 v1.5u LaTeX2e package for verbatim enhancements
\every@verbatim=\toks44
\verbatim@line=\toks45
\verbatim@in@stream=\read4
) (/usr/local/texlive/2023/texmf-dist/tex/latex/environ/environ.sty
Package: environ 2014/05/04 v0.3 A new way to define environments
 (/usr/local/texlive/2023/texmf-dist/tex/latex/trimspaces/trimspaces.sty
Package: trimspaces 2009/09/17 v1.1 Trim spaces around a token list
)) (/usr/local/texlive/2023/texmf-dist/tex/latex/etoolbox/etoolbox.sty
Package: etoolbox 2020/10/05 v2.5k e-TeX tools for LaTeX (JAW)
\etb@tempcnta=\count302
)
\tcb@titlebox=\box65
\tcb@upperbox=\box66
\tcb@lowerbox=\box67
\tcb@phantombox=\box68
\c@tcbbreakpart=\count303
\c@tcblayer=\count304
\c@tcolorbox@number=\count305
\tcb@temp=\box69
\tcb@temp=\box70
\tcb@temp=\box71
\tcb@temp=\box72
) (/usr/local/texlive/2023/texmf-dist/tex/latex/microtype/microtype.sty
Package: microtype 2023/03/13 v3.1a Micro-typographical refinements (RS)
\MT@toks=\toks46
\MT@tempbox=\box73
\MT@count=\count306
LaTeX Info: Redefining \noprotrusionifhmode on input line 1059.
LaTeX Info: Redefining \leftprotrusion on input line 1060.
\MT@prot@toks=\toks47
LaTeX Info: Redefining \rightprotrusion on input line 1078.
LaTeX Info: Redefining \textls on input line 1368.
\MT@outer@kern=\dimen281
LaTeX Info: Redefining \textmicrotypecontext on input line 1988.
\MT@listname@count=\count307
 (/usr/local/texlive/2023/texmf-dist/tex/latex/microtype/microtype-pdftex.def
File: microtype-pdftex.def 2023/03/13 v3.1a Definitions specific to pdftex (RS)
LaTeX Info: Redefining \lsstyle on input line 902.
LaTeX Info: Redefining \lslig on input line 902.
\MT@outer@space=\skip60
)
Package microtype Info: Loading configuration file microtype.cfg.
 (/usr/local/texlive/2023/texmf-dist/tex/latex/microtype/microtype.cfg
File: microtype.cfg 2023/03/13 v3.1a microtype main configuration file (RS)
)) (/usr/local/texlive/2023/texmf-dist/tex/latex/listings/listings.sty
\lst@mode=\count308
\lst@gtempboxa=\box74
\lst@token=\toks48
\lst@length=\count309
\lst@currlwidth=\dimen282
\lst@column=\count310
\lst@pos=\count311
\lst@lostspace=\dimen283
\lst@width=\dimen284
\lst@newlines=\count312
\lst@lineno=\count313
\lst@maxwidth=\dimen285
 (/usr/local/texlive/2023/texmf-dist/tex/latex/listings/lstmisc.sty
File: lstmisc.sty 2023/02/27 1.9 (Carsten Heinz)
\c@lstnumber=\count314
\lst@skipnumbers=\count315
\lst@framebox=\box75
) (/usr/local/texlive/2023/texmf-dist/tex/latex/listings/listings.cfg
File: listings.cfg 2023/02/27 1.9 listings configuration
))
Package: listings 2023/02/27 1.9 (Carsten Heinz)
 (/usr/local/texlive/2023/texmf-dist/tex/latex/hyperref/hyperref.sty
Package: hyperref 2023-02-07 v7.00v Hypertext links for LaTeX
 (/usr/local/texlive/2023/texmf-dist/tex/generic/ltxcmds/ltxcmds.sty
Package: ltxcmds 2020-05-10 v1.25 LaTeX kernel commands for general use (HO)
) (/usr/local/texlive/2023/texmf-dist/tex/generic/pdftexcmds/pdftexcmds.sty
Package: pdftexcmds 2020-06-27 v0.33 Utility functions of pdfTeX for LuaTeX (HO)
 (/usr/local/texlive/2023/texmf-dist/tex/generic/infwarerr/infwarerr.sty
Package: infwarerr 2019/12/03 v1.5 Providing info/warning/error messages (HO)
)
Package pdftexcmds Info: \pdf@primitive is available.
Package pdftexcmds Info: \pdf@ifprimitive is available.
Package pdftexcmds Info: \pdfdraftmode found.
) (/usr/local/texlive/2023/texmf-dist/tex/latex/kvsetkeys/kvsetkeys.sty
Package: kvsetkeys 2022-10-05 v1.19 Key value parser (HO)
) (/usr/local/texlive/2023/texmf-dist/tex/generic/kvdefinekeys/kvdefinekeys.sty
Package: kvdefinekeys 2019-12-19 v1.6 Define keys (HO)
) (/usr/local/texlive/2023/texmf-dist/tex/generic/pdfescape/pdfescape.sty
Package: pdfescape 2019/12/09 v1.15 Implements pdfTeX's escape features (HO)
) (/usr/local/texlive/2023/texmf-dist/tex/latex/hycolor/hycolor.sty
Package: hycolor 2020-01-27 v1.10 Color options for hyperref/bookmark (HO)
) (/usr/local/texlive/2023/texmf-dist/tex/latex/letltxmacro/letltxmacro.sty
Package: letltxmacro 2019/12/03 v1.6 Let assignment for LaTeX macros (HO)
) (/usr/local/texlive/2023/texmf-dist/tex/latex/auxhook/auxhook.sty
Package: auxhook 2019-12-17 v1.6 Hooks for auxiliary files (HO)
) (/usr/local/texlive/2023/texmf-dist/tex/latex/hyperref/nameref.sty
Package: nameref 2022-05-17 v2.50 Cross-referencing by name of section
 (/usr/local/texlive/2023/texmf-dist/tex/latex/refcount/refcount.sty
Package: refcount 2019/12/15 v3.6 Data extraction from label references (HO)
) (/usr/local/texlive/2023/texmf-dist/tex/generic/gettitlestring/gettitlestring.sty
Package: gettitlestring 2019/12/15 v1.6 Cleanup title references (HO)
 (/usr/local/texlive/2023/texmf-dist/tex/latex/kvoptions/kvoptions.sty
Package: kvoptions 2022-06-15 v3.15 Key value format for package options (HO)
))
\c@section@level=\count316
)
\@linkdim=\dimen286
\Hy@linkcounter=\count317
\Hy@pagecounter=\count318
 (/usr/local/texlive/2023/texmf-dist/tex/latex/hyperref/pd1enc.def
File: pd1enc.def 2023-02-07 v7.00v Hyperref: PDFDocEncoding definition (HO)
Now handling font encoding PD1 ...
... no UTF-8 mapping file for font encoding PD1
) (/usr/local/texlive/2023/texmf-dist/tex/generic/intcalc/intcalc.sty
Package: intcalc 2019/12/15 v1.3 Expandable calculations with integers (HO)
) (/usr/local/texlive/2023/texmf-dist/tex/generic/etexcmds/etexcmds.sty
Package: etexcmds 2019/12/15 v1.7 Avoid name clashes with e-TeX commands (HO)
)
\Hy@SavedSpaceFactor=\count319
 (/usr/local/texlive/2023/texmf-dist/tex/latex/hyperref/puenc.def
File: puenc.def 2023-02-07 v7.00v Hyperref: PDF Unicode definition (HO)
Now handling font encoding PU ...
... no UTF-8 mapping file for font encoding PU
)
Package hyperref Info: Hyper figures OFF on input line 4177.
Package hyperref Info: Link nesting OFF on input line 4182.
Package hyperref Info: Hyper index ON on input line 4185.
Package hyperref Info: Plain pages OFF on input line 4192.
Package hyperref Info: Backreferencing OFF on input line 4197.
Package hyperref Info: Implicit mode ON; LaTeX internals redefined.
Package hyperref Info: Bookmarks ON on input line 4425.
\c@Hy@tempcnt=\count320
 (/usr/local/texlive/2023/texmf-dist/tex/latex/url/url.sty
\Urlmuskip=\muskip17
Package: url 2013/09/16  ver 3.4  Verb mode for urls, etc.
)
LaTeX Info: Redefining \url on input line 4763.
\XeTeXLinkMargin=\dimen287
 (/usr/local/texlive/2023/texmf-dist/tex/generic/bitset/bitset.sty
Package: bitset 2019/12/09 v1.3 Handle bit-vector datatype (HO)
 (/usr/local/texlive/2023/texmf-dist/tex/generic/bigintcalc/bigintcalc.sty
Package: bigintcalc 2019/12/15 v1.5 Expandable calculations on big integers (HO)
))
\Fld@menulength=\count321
\Field@Width=\dimen288
\Fld@charsize=\dimen289
Package hyperref Info: Hyper figures OFF on input line 6042.
Package hyperref Info: Link nesting OFF on input line 6047.
Package hyperref Info: Hyper index ON on input line 6050.
Package hyperref Info: backreferencing OFF on input line 6057.
Package hyperref Info: Link coloring OFF on input line 6062.
Package hyperref Info: Link coloring with OCG OFF on input line 6067.
Package hyperref Info: PDF/A mode OFF on input line 6072.
 (/usr/local/texlive/2023/texmf-dist/tex/latex/base/atbegshi-ltx.sty
Package: atbegshi-ltx 2021/01/10 v1.0c Emulation of the original atbegshi
package with kernel methods
)
\Hy@abspage=\count322
\c@Item=\count323
\c@Hfootnote=\count324
)
Package hyperref Info: Driver (autodetected): hpdftex.
 (/usr/local/texlive/2023/texmf-dist/tex/latex/hyperref/hpdftex.def
File: hpdftex.def 2023-02-07 v7.00v Hyperref driver for pdfTeX
 (/usr/local/texlive/2023/texmf-dist/tex/latex/base/atveryend-ltx.sty
Package: atveryend-ltx 2020/08/19 v1.0a Emulation of the original atveryend package
with kernel methods
)
\Fld@listcount=\count325
\c@bookmark@seq@number=\count326
 (/usr/local/texlive/2023/texmf-dist/tex/latex/rerunfilecheck/rerunfilecheck.sty
Package: rerunfilecheck 2022-07-10 v1.10 Rerun checks for auxiliary files (HO)
 (/usr/local/texlive/2023/texmf-dist/tex/generic/uniquecounter/uniquecounter.sty
Package: uniquecounter 2019/12/15 v1.4 Provide unlimited unique counter (HO)
)
Package uniquecounter Info: New unique counter `rerunfilecheck' on input line 285.
)
\Hy@SectionHShift=\skip61
)
Package hyperref Info: Option `colorlinks' set `true' on input line 47.
 (/usr/local/texlive/2023/texmf-dist/tex/latex/titlesec/titlesec.sty
Package: titlesec 2021/07/05 v2.14 Sectioning titles
\ttl@box=\box76
\beforetitleunit=\skip62
\aftertitleunit=\skip63
\ttl@plus=\dimen290
\ttl@minus=\dimen291
\ttl@toksa=\toks49
\titlewidth=\dimen292
\titlewidthlast=\dimen293
\titlewidthfirst=\dimen294
) (/usr/local/texlive/2023/texmf-dist/tex/latex/enumitem/enumitem.sty
Package: enumitem 2019/06/20 v3.9 Customized lists
\labelindent=\skip64
\enit@outerparindent=\dimen295
\enit@toks=\toks50
\enit@inbox=\box77
\enit@count@id=\count327
\enitdp@description=\count328
) (/usr/local/texlive/2023/texmf-dist/tex/latex/apacite/apacite.sty
Package: apacite 2013/07/21 v6.03 APA citation
\c@BibCnt=\count329
\bibleftmargin=\skip65
\bibindent=\skip66
\bibparsep=\skip67
\bibitemsep=\skip68
\biblabelsep=\skip69
) (/usr/local/texlive/2023/texmf-dist/tex/latex/tools/bm.sty
Package: bm 2022/01/05 v1.2f Bold Symbol Support (DPC/FMi)
\symboldoperators=\mathgroup6
\symboldletters=\mathgroup7
\symboldsymbols=\mathgroup8
Package bm Info: No bold for \OMX/cmex/m/n, using \pmb.
Package bm Info: No bold for \U/msa/m/n, using \pmb.
Package bm Info: No bold for \U/msb/m/n, using \pmb.
LaTeX Font Info:    Redeclaring math alphabet \mathbf on input line 149.
) (/usr/local/texlive/2023/texmf-dist/tex/latex/booktabs/booktabs.sty
Package: booktabs 2020/01/12 v1.61803398 Publication quality tables
\heavyrulewidth=\dimen296
\lightrulewidth=\dimen297
\cmidrulewidth=\dimen298
\belowrulesep=\dimen299
\belowbottomsep=\dimen300
\aboverulesep=\dimen301
\abovetopsep=\dimen302
\cmidrulesep=\dimen303
\cmidrulekern=\dimen304
\defaultaddspace=\dimen305
\@cmidla=\count330
\@cmidlb=\count331
\@aboverulesep=\dimen306
\@belowrulesep=\dimen307
\@thisruleclass=\count332
\@lastruleclass=\count333
\@thisrulewidth=\dimen308
) (/usr/local/texlive/2023/texmf-dist/tex/latex/colortbl/colortbl.sty
Package: colortbl 2022/06/20 v1.0f Color table columns (DPC)
 (/usr/local/texlive/2023/texmf-dist/tex/latex/tools/array.sty
Package: array 2022/09/04 v2.5g Tabular extension package (FMi)
\col@sep=\dimen309
\ar@mcellbox=\box78
\extrarowheight=\dimen310
\NC@list=\toks51
\extratabsurround=\skip70
\backup@length=\skip71
\ar@cellbox=\box79
)
\everycr=\toks52
\minrowclearance=\skip72
\rownum=\count334
) (/usr/local/texlive/2023/texmf-dist/tex/latex/tools/longtable.sty
Package: longtable 2021-09-01 v4.17 Multi-page Table package (DPC)
\LTleft=\skip73
\LTright=\skip74
\LTpre=\skip75
\LTpost=\skip76
\LTchunksize=\count335
\LTcapwidth=\dimen311
\LT@head=\box80
\LT@firsthead=\box81
\LT@foot=\box82
\LT@lastfoot=\box83
\LT@gbox=\box84
\LT@cols=\count336
\LT@rows=\count337
\c@LT@tables=\count338
\c@LT@chunks=\count339
\LT@p@ftn=\toks53
)
(/usr/local/texlive/2023/texmf-dist/tex/latex/float/float.sty
Package: float 2001/11/08 v1.3d Float enhancements (AL)
\c@float@type=\count340
\float@exts=\toks54
\float@box=\box85
\@float@everytoks=\toks55
\@floatcapt=\box86
) (/usr/local/texlive/2023/texmf-dist/tex/latex/caption/caption.sty
Package: caption 2023/03/12 v3.6j Customizing captions (AR)
 (/usr/local/texlive/2023/texmf-dist/tex/latex/caption/caption3.sty
Package: caption3 2023/03/12 v2.4 caption3 kernel (AR)
\caption@tempdima=\dimen312
\captionmargin=\dimen313
\caption@leftmargin=\dimen314
\caption@rightmargin=\dimen315
\caption@width=\dimen316
\caption@indent=\dimen317
\caption@parindent=\dimen318
\caption@hangindent=\dimen319
Package caption Info: Standard document class detected.
)
\c@caption@flags=\count341
\c@continuedfloat=\count342
Package caption Info: float package is loaded.
Package caption Info: hyperref package is loaded.
Package caption Info: listings package is loaded.
Package caption Info: longtable package is loaded.
 (/usr/local/texlive/2023/texmf-dist/tex/latex/caption/ltcaption.sty
Package: ltcaption 2021/01/08 v1.4c longtable captions (AR)
))
\c@physpage=\count343
 (/usr/local/texlive/2023/texmf-dist/tex/latex/l3backend/l3backend-pdftex.def
File: l3backend-pdftex.def 2023-01-16 L3 backend support: PDF output (pdfTeX)
\l__color_backend_stack_int=\count344
\l__pdf_internal_box=\box87
) (./main.aux)
\openout1 = `main.aux'.

LaTeX Font Info:    Checking defaults for OML/cmm/m/it on input line 146.
LaTeX Font Info:    ... okay on input line 146.
LaTeX Font Info:    Checking defaults for OMS/cmsy/m/n on input line 146.
LaTeX Font Info:    ... okay on input line 146.
LaTeX Font Info:    Checking defaults for OT1/cmr/m/n on input line 146.
LaTeX Font Info:    ... okay on input line 146.
LaTeX Font Info:    Checking defaults for T1/cmr/m/n on input line 146.
LaTeX Font Info:    ... okay on input line 146.
LaTeX Font Info:    Checking defaults for TS1/cmr/m/n on input line 146.
LaTeX Font Info:    ... okay on input line 146.
LaTeX Font Info:    Checking defaults for OMX/cmex/m/n on input line 146.
LaTeX Font Info:    ... okay on input line 146.
LaTeX Font Info:    Checking defaults for U/cmr/m/n on input line 146.
LaTeX Font Info:    ... okay on input line 146.
LaTeX Font Info:    Checking defaults for PD1/pdf/m/n on input line 146.
LaTeX Font Info:    ... okay on input line 146.
LaTeX Font Info:    Checking defaults for PU/pdf/m/n on input line 146.
LaTeX Font Info:    ... okay on input line 146.

*geometry* driver: auto-detecting
*geometry* detected driver: pdftex
*geometry* verbose mode - [ preamble ] result:
* driver: pdftex
* paper: custom
* layout: <same size as paper>
* layoutoffset:(h,v)=(0.0pt,0.0pt)
* modes: 
* h-part:(L,W,R)=(72.55527pt, 340.00969pt, 71.13188pt)
* v-part:(T,H,B)=(76.82321pt, 492.2319pt, 71.13188pt)
* \paperwidth=483.69684pt
* \paperheight=640.187pt
* \textwidth=340.00969pt
* \textheight=492.2319pt
* \oddsidemargin=0.28528pt
* \evensidemargin=0.28528pt
* \topmargin=-27.32057pt
* \headheight=15.0pt
* \headsep=19.8738pt
* \topskip=11.0pt
* \footskip=27.46295pt
* \marginparwidth=62.0pt
* \marginparsep=7.0pt
* \columnsep=10.0pt
* \skip\footins=10.0pt plus 4.0pt minus 2.0pt
* \hoffset=0.0pt
* \voffset=0.0pt
* \mag=1000
* \@twocolumnfalse
* \@twosidefalse
* \@mparswitchfalse
* \@reversemarginfalse
* (1in=72.27pt=25.4mm, 1cm=28.453pt)

(/usr/local/texlive/2023/texmf-dist/tex/context/base/mkii/supp-pdf.mkii
[Loading MPS to PDF converter (version 2006.09.02).]
\scratchcounter=\count345
\scratchdimen=\dimen320
\scratchbox=\box88
\nofMPsegments=\count346
\nofMParguments=\count347
\everyMPshowfont=\toks56
\MPscratchCnt=\count348
\MPscratchDim=\dimen321
\MPnumerator=\count349
\makeMPintoPDFobject=\count350
\everyMPtoPDFconversion=\toks57
) (/usr/local/texlive/2023/texmf-dist/tex/latex/epstopdf-pkg/epstopdf-base.sty
Package: epstopdf-base 2020-01-24 v2.11 Base part for package epstopdf
Package epstopdf-base Info: Redefining graphics rule for `.eps' on input line 485.
 (/usr/local/texlive/2023/texmf-dist/tex/latex/latexconfig/epstopdf-sys.cfg
File: epstopdf-sys.cfg 2010/07/13 v1.3 Configuration of (r)epstopdf for TeX Live
))
LaTeX Info: Redefining \microtypecontext on input line 146.
Package microtype Info: Applying patch `item' on input line 146.
Package microtype Info: Applying patch `toc' on input line 146.
Package microtype Info: Applying patch `eqnum' on input line 146.
Package microtype Info: Applying patch `footnote' on input line 146.
Package microtype Info: Applying patch `verbatim' on input line 146.
Package microtype Info: Generating PDF output.
Package microtype Info: Character protrusion enabled (level 2).
Package microtype Info: Using default protrusion set `alltext'.
Package microtype Info: Automatic font expansion enabled (level 2),
(microtype)             stretch: 20, shrink: 20, step: 1, non-selected.
Package microtype Info: Using default expansion set `alltext-nott'.
LaTeX Info: Redefining \showhyphens on input line 146.
Package microtype Info: No adjustment of tracking.
Package microtype Info: No adjustment of interword spacing.
Package microtype Info: No adjustment of character kerning.
 (/usr/local/texlive/2023/texmf-dist/tex/latex/microtype/mt-cmr.cfg
File: mt-cmr.cfg 2013/05/19 v2.2 microtype config. file: Computer Modern Roman (RS)
)
\c@lstlisting=\count351
Package hyperref Info: Link coloring ON on input line 146.
 (./main.out) (./main.out)
\@outlinefile=\write4
\openout4 = `main.out'.

\c@maskedRefs=\count352
 (/usr/local/texlive/2023/texmf-dist/tex/latex/apacite/english.apc
File: english.apc 2013/07/21 v6.03 apacite language file
LaTeX Info: Redefining \BPBI on input line 129.
LaTeX Info: Redefining \BHBI on input line 130.
)
Package caption Info: Begin \AtBeginDocument code.
Package caption Info: End \AtBeginDocument code.
<../../logo-ITAM.png, id=39, 1505.625pt x 569.12625pt>
File: ../../logo-ITAM.png Graphic file (type png)
<use ../../logo-ITAM.png>
Package pdftex.def Info: ../../logo-ITAM.png  used on input line 162.
(pdftex.def)             Requested size: 284.52756pt x 107.55327pt.
 [1


{/usr/local/texlive/2023/texmf-var/fonts/map/pdftex/updmap/pdftex.map} <../../logo-ITAM.png>]
pdfTeX warning (ext4): destination with the same identifier (name{page.1}) has been already used, duplicate ignored
<to be read again> 
                   \relax 
l.193 \cleardoublepage
                       [1

]
LaTeX Font Info:    Trying to load font information for U+msa on input line 205.
 (/usr/local/texlive/2023/texmf-dist/tex/latex/amsfonts/umsa.fd
File: umsa.fd 2013/01/14 v3.01 AMS symbols A
) (/usr/local/texlive/2023/texmf-dist/tex/latex/microtype/mt-msa.cfg
File: mt-msa.cfg 2006/02/04 v1.1 microtype config. file: AMS symbols (a) (RS)
)
LaTeX Font Info:    Trying to load font information for U+msb on input line 205.
 (/usr/local/texlive/2023/texmf-dist/tex/latex/amsfonts/umsb.fd
File: umsb.fd 2013/01/14 v3.01 AMS symbols B
) (/usr/local/texlive/2023/texmf-dist/tex/latex/microtype/mt-msb.cfg
File: mt-msb.cfg 2005/06/01 v1.0 microtype config. file: AMS symbols (b) (RS)
) [2

] [3

] [1

] [2

] (./main.toc)
\tf@toc=\write5
\openout5 = `main.toc'.

 [3

] [4

] (../chapters/intro.tex
pdfTeX warning (ext4): destination with the same identifier (name{page.1}) has been already used, duplicate ignored
<to be read again> 
                   \relax 
l.5 \newpage
             [1


]
<../../plots/Rlogo.png, id=104, 726.715pt x 563.10374pt>
File: ../../plots/Rlogo.png Graphic file (type png)
<use ../../plots/Rlogo.png>
Package pdftex.def Info: ../../plots/Rlogo.png  used on input line 12.
(pdftex.def)             Requested size: 10.9446pt x 8.48624pt.
)
pdfTeX warning (ext4): destination with the same identifier (name{page.2}) has been already used, duplicate ignored
<to be read again> 
                   \relax 
l.238 \newpage
               [2 <../../plots/Rlogo.png>] (../chapters/cap1.tex
Chapter 1.

pdfTeX warning (ext4): destination with the same identifier (name{page.3}) has been already used, duplicate ignored
<to be read again> 
                   \relax 
l.9 \[
       [3

]
Package microtype Info: Loading generic protrusion settings for font family
(microtype)             `cmtt' (encoding: OT1).
(microtype)             For optimal results, create family-specific settings.
(microtype)             See the microtype manual for details.
<../../plots/1.1.png, id=124, 1502.61375pt x 1087.06125pt>
File: ../../plots/1.1.png Graphic file (type png)
<use ../../plots/1.1.png>
Package pdftex.def Info: ../../plots/1.1.png  used on input line 26.
(pdftex.def)             Requested size: 270.4588pt x 195.66258pt.
 [4]
<../../plots/1.2.png, id=140, 1502.61375pt x 1087.06125pt>
File: ../../plots/1.2.png Graphic file (type png)
<use ../../plots/1.2.png>
Package pdftex.def Info: ../../plots/1.2.png  used on input line 35.
(pdftex.def)             Requested size: 270.4588pt x 195.66258pt.
 [5 <../../plots/1.1.png>] [6 <../../plots/1.2.png>]
<../../plots/1.3.png, id=157, 1502.61375pt x 1087.06125pt>
File: ../../plots/1.3.png Graphic file (type png)
<use ../../plots/1.3.png>
Package pdftex.def Info: ../../plots/1.3.png  used on input line 56.
(pdftex.def)             Requested size: 270.4588pt x 195.66258pt.
 [7 <../../plots/1.3.png>]
<../../plots/1.4.png, id=173, 1502.61375pt x 1087.06125pt>
File: ../../plots/1.4.png Graphic file (type png)
<use ../../plots/1.4.png>
Package pdftex.def Info: ../../plots/1.4.png  used on input line 67.
(pdftex.def)             Requested size: 262.96135pt x 190.23857pt.
 [8 <../../plots/1.4.png>] [9]) [10] (../chapters/cap2.tex
Chapter 2.
<../../plots/2.1.png, id=202, 1502.61375pt x 1087.06125pt>
File: ../../plots/2.1.png Graphic file (type png)
<use ../../plots/2.1.png>
Package pdftex.def Info: ../../plots/2.1.png  used on input line 12.
(pdftex.def)             Requested size: 270.4588pt x 195.66258pt.
[11

] [12 <../../plots/2.1.png>] [13] [14] [15] [16]
<../../plots/2.2.png, id=274, 1502.61375pt x 1087.06125pt>
File: ../../plots/2.2.png Graphic file (type png)
<use ../../plots/2.2.png>
Package pdftex.def Info: ../../plots/2.2.png  used on input line 119.
(pdftex.def)             Requested size: 240.42311pt x 173.93335pt.
<../../plots/2.3.png, id=275, 1502.61375pt x 1087.06125pt>
File: ../../plots/2.3.png Graphic file (type png)
<use ../../plots/2.3.png>
Package pdftex.def Info: ../../plots/2.3.png  used on input line 128.
(pdftex.def)             Requested size: 247.92056pt x 179.35736pt.
 [17 <../../plots/2.2.png>] [18 <../../plots/2.3.png>] [19]) (../chapters/cap3.tex [20

]
Chapter 3.
<../../plots/3.1.png, id=316, 1484.54625pt x 1089.06876pt>
File: ../../plots/3.1.png Graphic file (type png)
<use ../../plots/3.1.png>
Package pdftex.def Info: ../../plots/3.1.png  used on input line 10.
(pdftex.def)             Requested size: 267.2068pt x 196.02391pt.
[21

]
<../../plots/3.2.png, id=325, 1484.54625pt x 1089.06876pt>
File: ../../plots/3.2.png Graphic file (type png)
<use ../../plots/3.2.png>
Package pdftex.def Info: ../../plots/3.2.png  used on input line 17.
(pdftex.def)             Requested size: 267.2068pt x 196.02391pt.
 [22 <../../plots/3.1.png> <../../plots/3.2.png>]
<../../plots/3.3.png, id=334, 1484.54625pt x 1089.06876pt>
File: ../../plots/3.3.png Graphic file (type png)
<use ../../plots/3.3.png>
Package pdftex.def Info: ../../plots/3.3.png  used on input line 28.
(pdftex.def)             Requested size: 267.2068pt x 196.02391pt.
<../../plots/3.4.png, id=335, 1484.54625pt x 1089.06876pt>
File: ../../plots/3.4.png Graphic file (type png)
<use ../../plots/3.4.png>
Package pdftex.def Info: ../../plots/3.4.png  used on input line 35.
(pdftex.def)             Requested size: 267.2068pt x 196.02391pt.
 [23 <../../plots/3.3.png>] [24 <../../plots/3.4.png>] [25] [26]
<../../plots/3.5.png, id=386, 1484.54625pt x 1089.06876pt>
File: ../../plots/3.5.png Graphic file (type png)
<use ../../plots/3.5.png>
Package pdftex.def Info: ../../plots/3.5.png  used on input line 84.
(pdftex.def)             Requested size: 252.36952pt x 185.13924pt.
<../../plots/3.6.png, id=387, 1484.54625pt x 1089.06876pt>
File: ../../plots/3.6.png Graphic file (type png)
<use ../../plots/3.6.png>
Package pdftex.def Info: ../../plots/3.6.png  used on input line 91.
(pdftex.def)             Requested size: 252.36952pt x 185.13924pt.
 [27 <../../plots/3.5.png>] [28 <../../plots/3.6.png>]
<../../plots/3.7.png, id=409, 1484.54625pt x 1089.06876pt>
File: ../../plots/3.7.png Graphic file (type png)
<use ../../plots/3.7.png>
Package pdftex.def Info: ../../plots/3.7.png  used on input line 103.
(pdftex.def)             Requested size: 252.36952pt x 185.13924pt.
<../../plots/3.8.png, id=410, 1484.54625pt x 1089.06876pt>
File: ../../plots/3.8.png Graphic file (type png)
<use ../../plots/3.8.png>
Package pdftex.def Info: ../../plots/3.8.png  used on input line 110.
(pdftex.def)             Requested size: 252.36952pt x 185.13924pt.
 [29 <../../plots/3.7.png>]
<../../plots/3.9.png, id=417, 1484.54625pt x 1089.06876pt>
File: ../../plots/3.9.png Graphic file (type png)
<use ../../plots/3.9.png>
Package pdftex.def Info: ../../plots/3.9.png  used on input line 117.
(pdftex.def)             Requested size: 252.36952pt x 185.13924pt.
<../../plots/3.10.png, id=418, 1484.54625pt x 1089.06876pt>
File: ../../plots/3.10.png Graphic file (type png)
<use ../../plots/3.10.png>
Package pdftex.def Info: ../../plots/3.10.png  used on input line 124.
(pdftex.def)             Requested size: 252.36952pt x 185.13924pt.
 [30 <../../plots/3.8.png> <../../plots/3.9.png>] [31 <../../plots/3.10.png>]
Overfull \hbox (25.32092pt too wide) detected at line 147
[][][]\OML/cmm/m/it/10.95 f\OT1/cmr/m/n/10.95 (\OML/cmm/m/it/10.95 y\OT1/cmr/m/n/10.95 ; \OML/cmm/m/it/10.95 ^^X; ^^L; u\OMS/cmsy/m/n/10.95 j\OML/cmm/m/it/10.95 y > u\OT1/cmr/m/n/10.95 ) = []
 []

[32] [33]
<../../plots/3.11.png, id=474, 1484.54625pt x 1089.06876pt>
File: ../../plots/3.11.png Graphic file (type png)
<use ../../plots/3.11.png>
Package pdftex.def Info: ../../plots/3.11.png  used on input line 174.
(pdftex.def)             Requested size: 267.2068pt x 196.02391pt.
<../../plots/3.12.png, id=475, 1484.54625pt x 1089.06876pt>
File: ../../plots/3.12.png Graphic file (type png)
<use ../../plots/3.12.png>
Package pdftex.def Info: ../../plots/3.12.png  used on input line 181.
(pdftex.def)             Requested size: 267.2068pt x 196.02391pt.
 [34] [35 <../../plots/3.11.png> <../../plots/3.12.png>]
<../../plots/3.13.png, id=498, 1484.54625pt x 1089.06876pt>
File: ../../plots/3.13.png Graphic file (type png)
<use ../../plots/3.13.png>
Package pdftex.def Info: ../../plots/3.13.png  used on input line 191.
(pdftex.def)             Requested size: 252.36952pt x 185.13924pt.
<../../plots/3.14.png, id=499, 1484.54625pt x 1089.06876pt>
File: ../../plots/3.14.png Graphic file (type png)
<use ../../plots/3.14.png>
Package pdftex.def Info: ../../plots/3.14.png  used on input line 198.
(pdftex.def)             Requested size: 252.36952pt x 185.13924pt.
 [36 <../../plots/3.13.png>]
<../../plots/3.15.png, id=510, 1484.54625pt x 1089.06876pt>
File: ../../plots/3.15.png Graphic file (type png)
<use ../../plots/3.15.png>
Package pdftex.def Info: ../../plots/3.15.png  used on input line 205.
(pdftex.def)             Requested size: 252.36952pt x 185.13924pt.
<../../plots/3.16.png, id=511, 1484.54625pt x 1089.06876pt>
File: ../../plots/3.16.png Graphic file (type png)
<use ../../plots/3.16.png>
Package pdftex.def Info: ../../plots/3.16.png  used on input line 212.
(pdftex.def)             Requested size: 252.36952pt x 185.13924pt.
 [37 <../../plots/3.14.png> <../../plots/3.15.png>] [38 <../../plots/3.16.png>] [39]) (../chapters/cap4.tex [40

]
Chapter 4.
[41

]
<../../plots/4.1.png, id=545, 1502.61375pt x 971.63pt>
File: ../../plots/4.1.png Graphic file (type png)
<use ../../plots/4.1.png>
Package pdftex.def Info: ../../plots/4.1.png  used on input line 14.
(pdftex.def)             Requested size: 270.4588pt x 174.88585pt.
 [42]
<../../plots/4.2.png, id=553, 1502.61375pt x 971.63pt>
File: ../../plots/4.2.png Graphic file (type png)
<use ../../plots/4.2.png>
Package pdftex.def Info: ../../plots/4.2.png  used on input line 21.
(pdftex.def)             Requested size: 270.4588pt x 174.88585pt.
 [43 <../../plots/4.1.png> <../../plots/4.2.png>] [44] [45] [46]
Overfull \hbox (42.09596pt too wide) detected at line 82
\OML/cmm/m/it/10.95 F[]\OT1/cmr/m/n/10.95 (\OML/cmm/m/it/10.95 p\OT1/cmr/m/n/10.95 ; \OML/cmm/m/it/10.95 d[]; d[]\OT1/cmr/m/n/10.95 ) = []
 []


Overfull \hbox (15.97821pt too wide) detected at line 99
[][]
 []

[47]
<../../plots/4.3.png, id=612, 1502.61375pt x 1087.06125pt>
File: ../../plots/4.3.png Graphic file (type png)
<use ../../plots/4.3.png>
Package pdftex.def Info: ../../plots/4.3.png  used on input line 110.
(pdftex.def)             Requested size: 262.96135pt x 190.23857pt.
 [48]
<../../plots/4.4.png, id=619, 1502.61375pt x 1087.06125pt>
File: ../../plots/4.4.png Graphic file (type png)
<use ../../plots/4.4.png>
Package pdftex.def Info: ../../plots/4.4.png  used on input line 117.
(pdftex.def)             Requested size: 262.96135pt x 190.23857pt.
 [49 <../../plots/4.3.png> <../../plots/4.4.png>]
<../../plots/4.5.png, id=630, 1502.61375pt x 1087.06125pt>
File: ../../plots/4.5.png Graphic file (type png)
<use ../../plots/4.5.png>
Package pdftex.def Info: ../../plots/4.5.png  used on input line 128.
(pdftex.def)             Requested size: 262.96135pt x 190.23857pt.
 [50]
<../../plots/4.6.png, id=638, 1502.61375pt x 1087.06125pt>
File: ../../plots/4.6.png Graphic file (type png)
<use ../../plots/4.6.png>
Package pdftex.def Info: ../../plots/4.6.png  used on input line 135.
(pdftex.def)             Requested size: 262.96135pt x 190.23857pt.
 [51 <../../plots/4.5.png> <../../plots/4.6.png>] [52] [53] [54] [55] [56]
<../../plots/4.7.png, id=697, 1484.54625pt x 1089.06876pt>
File: ../../plots/4.7.png Graphic file (type png)
<use ../../plots/4.7.png>
Package pdftex.def Info: ../../plots/4.7.png  used on input line 242.
(pdftex.def)             Requested size: 192.99779pt x 141.58391pt.
<../../plots/4.8.png, id=698, 1484.54625pt x 1089.06876pt>
File: ../../plots/4.8.png Graphic file (type png)
<use ../../plots/4.8.png>
Package pdftex.def Info: ../../plots/4.8.png  used on input line 249.
(pdftex.def)             Requested size: 192.99779pt x 141.58391pt.
 [57 <../../plots/4.7.png> <../../plots/4.8.png>]
<../../plots/4.9.png, id=713, 1484.54625pt x 1089.06876pt>
File: ../../plots/4.9.png Graphic file (type png)
<use ../../plots/4.9.png>
Package pdftex.def Info: ../../plots/4.9.png  used on input line 265.
(pdftex.def)             Requested size: 267.2068pt x 196.02391pt.
 [58]
<../../plots/4.10.png, id=722, 1484.54625pt x 1089.06876pt>
File: ../../plots/4.10.png Graphic file (type png)
<use ../../plots/4.10.png>
Package pdftex.def Info: ../../plots/4.10.png  used on input line 272.
(pdftex.def)             Requested size: 267.2068pt x 196.02391pt.
 [59 <../../plots/4.9.png> <../../plots/4.10.png>] [60] [61] [62]
<../../plots/4.11.png, id=763, 1502.61375pt x 1087.06125pt>
File: ../../plots/4.11.png Graphic file (type png)
<use ../../plots/4.11.png>
Package pdftex.def Info: ../../plots/4.11.png  used on input line 332.
(pdftex.def)             Requested size: 255.44096pt x 184.79796pt.
<../../plots/4.12.png, id=764, 1502.61375pt x 1087.06125pt>
File: ../../plots/4.12.png Graphic file (type png)
<use ../../plots/4.12.png>
Package pdftex.def Info: ../../plots/4.12.png  used on input line 339.
(pdftex.def)             Requested size: 255.44096pt x 184.79796pt.
 [63 <../../plots/4.11.png>] [64 <../../plots/4.12.png>] [65] [66]
<../../plots/4.13.png, id=797, 3035.34pt x 1904.11375pt>
File: ../../plots/4.13.png Graphic file (type png)
<use ../../plots/4.13.png>
Package pdftex.def Info: ../../plots/4.13.png  used on input line 394.
(pdftex.def)             Requested size: 485.66432pt x 304.66443pt.
 [67]
Overfull \vbox (20.43242pt too high) has occurred while \output is active []

 [68 <../../plots/4.13.png>]) (../chapters/cap5.tex
Chapter 5.
[69

]
<../../plots/5.1.png, id=816, 1502.61375pt x 1085.05376pt>
File: ../../plots/5.1.png Graphic file (type png)
<use ../../plots/5.1.png>
Package pdftex.def Info: ../../plots/5.1.png  used on input line 10.
(pdftex.def)             Requested size: 270.4588pt x 195.30124pt.
 [70 <../../plots/5.1.png>]
Overfull \hbox (14.40482pt too wide) detected at line 29
[][][]\OML/cmm/m/it/10.95 ^^Z\OT1/cmr/m/n/10.95 (\OML/cmm/m/it/10.95 r[]; r[]\OT1/cmr/m/n/10.95 ; \OML/cmm/m/it/10.95 p\OT1/cmr/m/n/10.95 ) = []
 []

[71]
<../../plots/5.2.png, id=847, 722.7pt x 433.62pt>
File: ../../plots/5.2.png Graphic file (type png)
<use ../../plots/5.2.png>
Package pdftex.def Info: ../../plots/5.2.png  used on input line 40.
(pdftex.def)             Requested size: 310.75494pt x 186.45296pt.
 [72] [73 <../../plots/5.2.png>] [74] [75]
Overfull \hbox (4.54848pt too wide) detected at line 113
[][][][][]
 []

[76]
<../../plots/5.3.png, id=894, 722.7pt x 433.62pt>
File: ../../plots/5.3.png Graphic file (type png)
<use ../../plots/5.3.png>
Package pdftex.def Info: ../../plots/5.3.png  used on input line 150.
(pdftex.def)             Requested size: 310.75494pt x 186.45296pt.
 [77]
<../../plots/5.4.png, id=903, 722.7pt x 433.62pt>
File: ../../plots/5.4.png Graphic file (type png)
<use ../../plots/5.4.png>
Package pdftex.def Info: ../../plots/5.4.png  used on input line 157.
(pdftex.def)             Requested size: 310.75494pt x 186.45296pt.
 [78 <../../plots/5.3.png> <../../plots/5.4.png>] [79] [80]
<../../plots/5.6.png, id=926, 1502.61375pt x 1085.05376pt>
File: ../../plots/5.6.png Graphic file (type png)
<use ../../plots/5.6.png>
Package pdftex.def Info: ../../plots/5.6.png  used on input line 215.
(pdftex.def)             Requested size: 270.4588pt x 195.30124pt.
 [81]
<../../plots/5.7.png, id=933, 1502.61375pt x 1085.05376pt>
File: ../../plots/5.7.png Graphic file (type png)
<use ../../plots/5.7.png>
Package pdftex.def Info: ../../plots/5.7.png  used on input line 222.
(pdftex.def)             Requested size: 270.4588pt x 195.30124pt.
 [82 <../../plots/5.6.png> <../../plots/5.7.png>]
<../../plots/5.8.png, id=945, 1502.61375pt x 1085.05376pt>
File: ../../plots/5.8.png Graphic file (type png)
<use ../../plots/5.8.png>
Package pdftex.def Info: ../../plots/5.8.png  used on input line 249.
(pdftex.def)             Requested size: 270.4588pt x 195.30124pt.
 [83]
<../../plots/5.9.png, id=956, 1502.61375pt x 1085.05376pt>
File: ../../plots/5.9.png Graphic file (type png)
<use ../../plots/5.9.png>
Package pdftex.def Info: ../../plots/5.9.png  used on input line 256.
(pdftex.def)             Requested size: 270.4588pt x 195.30124pt.
<../../plots/5.10.png, id=957, 1502.61375pt x 1085.05376pt>
File: ../../plots/5.10.png Graphic file (type png)
<use ../../plots/5.10.png>
Package pdftex.def Info: ../../plots/5.10.png  used on input line 263.
(pdftex.def)             Requested size: 270.4588pt x 195.30124pt.
 [84 <../../plots/5.8.png> <../../plots/5.9.png>]
<../../plots/5.11.png, id=964, 1502.61375pt x 1085.05376pt>
File: ../../plots/5.11.png Graphic file (type png)
<use ../../plots/5.11.png>
Package pdftex.def Info: ../../plots/5.11.png  used on input line 270.
(pdftex.def)             Requested size: 270.4588pt x 195.30124pt.
 [85 <../../plots/5.10.png> <../../plots/5.11.png>] [86]) (../chapters/conc.tex [87

] [88]
File: ../../plots/Rlogo.png Graphic file (type png)
<use ../../plots/Rlogo.png>
Package pdftex.def Info: ../../plots/Rlogo.png  used on input line 19.
(pdftex.def)             Requested size: 10.9446pt x 8.48624pt.
) [89] [90

] (./main.bbl [91



] [92] [93] [94] [95]) [96] (./main.aux)
Package rerunfilecheck Info: File `main.out' has not changed.
(rerunfilecheck)             Checksum: 5E7FF8F9C7FD8CE08CC24870B228628E;1136.
 ) 
Here is how much of TeX's memory you used:
 32016 strings out of 476025
 597424 string characters out of 5790017
 1862388 words of memory out of 5000000
 51459 multiletter control sequences out of 15000+600000
 533276 words of font info for 187 fonts, out of 8000000 for 9000
 1141 hyphenation exceptions out of 8191
 102i,14n,104p,1671b,724s stack positions out of 10000i,1000n,20000p,200000b,200000s
</usr/local/texlive/2023/texmf-dist/fonts/type1/public/amsfonts/cm/cmbx10.pfb></usr/local/texlive/2023/texmf-dist/fonts/type1/public/amsfonts/cm/cmbx12.pfb></usr/local/texlive/2023/texmf-dist/fonts/type1/public/amsfonts/cm/cmbx9.pfb></usr/local/texlive/2023/texmf-dist/fonts/type1/public/amsfonts/cm/cmcsc10.pfb></usr/local/texlive/2023/texmf-dist/fonts/type1/public/amsfonts/cm/cmex10.pfb></usr/local/texlive/2023/texmf-dist/fonts/type1/public/amsfonts/cmextra/cmex8.pfb></usr/local/texlive/2023/texmf-dist/fonts/type1/public/amsfonts/cm/cmmi10.pfb></usr/local/texlive/2023/texmf-dist/fonts/type1/public/amsfonts/cm/cmmi6.pfb></usr/local/texlive/2023/texmf-dist/fonts/type1/public/amsfonts/cm/cmmi8.pfb></usr/local/texlive/2023/texmf-dist/fonts/type1/public/amsfonts/cm/cmmi9.pfb></usr/local/texlive/2023/texmf-dist/fonts/type1/public/amsfonts/cm/cmr10.pfb></usr/local/texlive/2023/texmf-dist/fonts/type1/public/amsfonts/cm/cmr6.pfb></usr/local/texlive/2023/texmf-dist/fonts/type1/public/amsfonts/cm/cmr8.pfb></usr/local/texlive/2023/texmf-dist/fonts/type1/public/amsfonts/cm/cmr9.pfb></usr/local/texlive/2023/texmf-dist/fonts/type1/public/amsfonts/cm/cmsy10.pfb></usr/local/texlive/2023/texmf-dist/fonts/type1/public/amsfonts/cm/cmsy6.pfb></usr/local/texlive/2023/texmf-dist/fonts/type1/public/amsfonts/cm/cmsy8.pfb></usr/local/texlive/2023/texmf-dist/fonts/type1/public/amsfonts/cm/cmsy9.pfb></usr/local/texlive/2023/texmf-dist/fonts/type1/public/amsfonts/cm/cmti10.pfb></usr/local/texlive/2023/texmf-dist/fonts/type1/public/amsfonts/cm/cmtt10.pfb></usr/local/texlive/2023/texmf-dist/fonts/type1/public/amsfonts/symbols/msbm10.pfb>
Output written on main.pdf (104 pages, 4405104 bytes).
PDF statistics:
 1204 PDF objects out of 1440 (max. 8388607)
 950 compressed objects within 10 object streams
 238 named destinations out of 1000 (max. 500000)
 42813 words of extra memory for PDF output out of 42996 (max. 10000000)

